CYCLE	FSM_IN	FSM_OUT
000	0	1
001	1	1
010	0	1
011	1	1
100	1	1
101	0	1
110	1	1
111	0	1
