CYCLE	SPLIT_IN	SPLIT_OUT0	SPLIT_OUT1
00	00000001	U	UUUUUUUU
01	10000010	U	UUUUUUUU
10	10100001	U	UUUUUUUU
11	01011010	U	UUUUUUUU
