CYCLE	FSM_OUT
00000000	0U
00000001	0U
00000010	0U
00000011	0U
00000100	0U
00000101	0U
00000110	0U
00000111	0U
00001000	0U
00001001	0U
00001010	0U
00001011	0U
00001100	0U
00001101	0U
00001110	0U
00001111	0U














